Java HotSpot(TM) 64-Bit Server VM (25.231-b11) for windows-amd64 JRE (1.8.0_231-b11), built on Oct  5 2019 03:11:30 by "java_re" with MS VC++ 10.0 (VS2010)
Memory: 4k page, physical 8278296k(2263624k free), swap 12622692k(2370516k free)
CommandLine flags: -XX:InitialHeapSize=2147483648 -XX:MaxHeapSize=2147483648 -XX:+PrintGC -XX:+PrintGCDateStamps -XX:+PrintGCDetails -XX:+PrintGCTimeStamps -XX:+UseCompressedClassPointers -XX:+UseCompressedOops -XX:-UseLargePagesIndividualAllocation -XX:+UseParallelGC 
2021-11-13T23:07:14.154+0800: 0.969: [GC (Allocation Failure) [PSYoungGen: 524800K->87038K(611840K)] 524800K->149373K(2010112K), 0.0673255 secs] [Times: user=0.05 sys=0.16, real=0.07 secs] 
2021-11-13T23:07:14.346+0800: 1.161: [GC (Allocation Failure) [PSYoungGen: 611838K->87028K(611840K)] 674173K->268797K(2010112K), 0.0990479 secs] [Times: user=0.06 sys=0.30, real=0.10 secs] 
2021-11-13T23:07:14.584+0800: 1.399: [GC (Allocation Failure) [PSYoungGen: 611828K->87038K(611840K)] 793597K->381098K(2010112K), 0.1191193 secs] [Times: user=0.05 sys=0.16, real=0.12 secs] 
Heap
 PSYoungGen      total 611840K, used 103301K [0x00000000d5580000, 0x0000000100000000, 0x0000000100000000)
  eden space 524800K, 3% used [0x00000000d5580000,0x00000000d6561e08,0x00000000f5600000)
  from space 87040K, 99% used [0x00000000f5600000,0x00000000faaff9e8,0x00000000fab00000)
  to   space 87040K, 0% used [0x00000000fab00000,0x00000000fab00000,0x0000000100000000)
 ParOldGen       total 1398272K, used 294059K [0x0000000080000000, 0x00000000d5580000, 0x00000000d5580000)
  object space 1398272K, 21% used [0x0000000080000000,0x0000000091f2af68,0x00000000d5580000)
 Metaspace       used 3156K, capacity 4620K, committed 4864K, reserved 1056768K
  class space    used 335K, capacity 392K, committed 512K, reserved 1048576K
